// Jest Snapshot v1, https://goo.gl/fbAQLP

exports[`MessageList render with snapshot 1`] = `
<DocumentFragment>
  <div
    class="message-board"
  >
    <h1
      class="message-title"
    >
      Чат с Душнилой
    </h1>
    <div
      class="message-chat"
    >
      <ul
        class="message-list"
      />
    </div>
  </div>
</DocumentFragment>
`;
