// Jest Snapshot v1, https://goo.gl/fbAQLP

exports[`MessageForm Empty message sending 1`] = `
<DocumentFragment>
  <form
    class="form"
    data-testid="form"
  >
    <input
      class="autor__input"
      placeholder="Введите ваше имя..."
      required=""
      type="text"
      value=""
    />
    <textarea
      class="message__input"
      placeholder="Напишите сообщение..."
      required=""
    />
    <button
      class="message__button"
      disabled=""
      id="button"
      type="submit"
    >
      Отправить
    </button>
  </form>
</DocumentFragment>
`;

exports[`MessageForm Render with snapshot 1`] = `
<DocumentFragment>
  <form
    class="form"
    data-testid="form"
  >
    <input
      class="autor__input"
      placeholder="Введите ваше имя..."
      required=""
      type="text"
      value=""
    />
    <textarea
      class="message__input"
      placeholder="Напишите сообщение..."
      required=""
    />
    <button
      class="message__button"
      disabled=""
      id="button"
      type="submit"
    >
      Отправить
    </button>
  </form>
</DocumentFragment>
`;
