// Jest Snapshot v1, https://goo.gl/fbAQLP

exports[`MessageForm render with snapshot 1`] = `
<DocumentFragment>
  <form
    class="chat-form"
    data-testid="form"
  >
    <input
      class="chat-autor-input"
      placeholder="Введите ваше имя..."
      required=""
      type="text"
      value=""
    />
    <textarea
      class="chat-message-input"
      placeholder="Напишите сообщение..."
      required=""
    />
    <button
      class="chat-message-button"
      disabled=""
      id="button"
      type="submit"
    >
      Отправить
    </button>
  </form>
</DocumentFragment>
`;
