// Jest Snapshot v1, https://goo.gl/fbAQLP

exports[`App Render with snapshot 1`] = `
<DocumentFragment>
  <div
    class="App"
  >
    <header
      class="App-header"
    >
      <h1>
        Привет!
      </h1>
      <h2>
        Меня зовут Артём Чеснов.
      </h2>
      <h3>
        И это мое первое приложение на React!
      </h3>
      <br />
      <br />
      <button
        class="scroll-btn"
      >
        Далее
      </button>
    </header>
    <main
      class="App-main"
    >
      <section
        class="toDoList"
        name="toToDO"
      >
        <form>
          <div
            class="main-form"
          >
            <div
              class="form-title"
            >
              <h1
                class="toDo-title"
              >
                Список дел
              </h1>
              <div
                class="form-wrp"
              >
                <div
                  class="form-box"
                >
                  <input
                    class="form-input"
                    required=""
                    type="input"
                    value=""
                  />
                  <label
                    class="form-label"
                  >
                    Название...
                  </label>
                </div>
                <button
                  class="form-btn"
                  type="button"
                >
                  Добавить
                </button>
              </div>
            </div>
            <div
              class="toDo-basket"
            >
              <ul
                class="toDo-list"
              />
            </div>
          </div>
        </form>
        <button
          class="scroll-btn-toDO"
        >
          Далее
        </button>
      </section>
      <section
        class="messageList"
      >
        <div
          class="message-board"
        >
          <h1
            class="message-title"
          >
            Чат с Душнилой
          </h1>
          <div
            class="message-chat"
          >
            <ul
              class="message-list"
            />
          </div>
        </div>
        <form
          data-testid="form"
        >
          <div
            class="mesageFromUser-form"
          >
            <div
              class="message-form"
            >
              <input
                class="autor-input"
                placeholder="Введите ваше имя..."
                required=""
                type="text"
                value=""
              />
              <textarea
                class="message-input"
                placeholder="Напишите сообщение..."
                required=""
                type="text"
              />
              <button
                class="message-button"
                disabled=""
                id="button"
                type="submit"
              >
                Отправить
              </button>
            </div>
          </div>
        </form>
      </section>
    </main>
  </div>
</DocumentFragment>
`;
